[backblue.gif]
[fade.gif]
[index.html]
[dev.web-cruit.com/cfscripts/scripts/ajax/resources/cf/images/loading.gif]
[dev.web-cruit.com/images/js/jquery.validate/1.14.0/jquery.validate.min4eb2.js]
[dev.web-cruit.com/images/js/web-cruit-header-modals/web-cruit-header-modals4eb2.js]
[dev.web-cruit.com/tagmanager/images/css/web-cruit/font-awesome/font-awesome-4.6.3/css/font-awesome4eb2.css]
[dev.web-cruit.com/tagmanager/css/tagmanager4eb2.css]
[dev.web-cruit.com/tagmanager/tagmanagerscripts/adminTagManager4eb2.js]
[dev.web-cruit.com/tagmanager/images/taghierarchyarrowhoriz.png]
[dev.web-cruit.com/tagmanager/index14ad.html]
[dev.web-cruit.com/cfscripts/scripts/ajax/messages/cfmessage.js]
[dev.web-cruit.com/cfscripts/scripts/ajax/package/cfajax.js]
[dev.web-cruit.com/images/css/web-cruit/bootstrap.min4eb2.css]
[dev.web-cruit.com/images/kaonixlogo2.gif]
[dev.web-cruit.com/images/css/web-cruit/font-awesome/font-awesome-4.6.3/css/font-awesome.min4eb2.css]
[dev.web-cruit.com/images/js/jquery-ui/1.8/themes/base/images/ui-bg_flat_75_ffffff_40x100.png]
[www.google-analytics.com/analytics.js]
[dev.web-cruit.com/images/js/jquery-ui/1.8/themes/base/jquery-ui4eb2.css]
[dev.web-cruit.com/tagmanager/images/spacer.gif]
[dev.web-cruit.com/tagmanager/index4eb2.html]
[dev.web-cruit.com/images/css/web-cruit/wc4eb2.css]
[dev.web-cruit.com/images/css/web-cruit/wc-responsive-table4eb2.css]
[dev.web-cruit.com/images/css/web-cruit/bootstrap-table4eb2.css]
[dev.web-cruit.com/images/js/jquery/1.12.4/jquery.min4eb2.js]
[dev.web-cruit.com/images/js/jquery-ui/1.12.0/jquery-ui.min4eb2.js]
[dev.web-cruit.com/images/hr_line.gif]
[dev.web-cruit.com/images/css/web-cruit/bootstrap-3.3.7-dist/js/bootstrap.min4eb2.js]
[dev.web-cruit.com/images/js/web-cruit-bootstrap-pagination/web-cruit-bootstrap-pagination4eb2.js]
[dev.web-cruit.com/images/js/web-cruit-bootstrap-modal/web-cruit-bootstrap-modal4eb2.js]
[dev.web-cruit.com/images/js/javascriptExtensions/wc-ext4eb2.js]
[dev.web-cruit.com/images/js/fw1Helpers/fw1Helpers4eb2.js]
[dev.web-cruit.com/images/js/bootstrap-table4eb2.js]
[dev.web-cruit.com/scripts/Javascript/cfAjaxProxyHelperFunctions4eb2.js]
[dev.web-cruit.com/scripts/Javascript/web-cruit-timer/web-cruit-timer4eb2.js]
[dev.web-cruit.com/images/css/web-cruit/web-cruit_modaldialog.css]
[dev.web-cruit.com/tagmanager/images/web-cruit-timer.gif]
[dev.web-cruit.com/scripts/Javascript/web-cruit-dialog/web-cruit-dialog.js]
[dev.web-cruit.com/images/js/jquery.validate/1.14.0/jquery.validate.min4eb2.js]
[dev.web-cruit.com/images/js/web-cruit-header-modals/web-cruit-header-modals4eb2.js]
[dev.web-cruit.com/tagmanager/images/css/web-cruit/font-awesome/font-awesome-4.6.3/fonts/fontawesome-webfont5b62.eot]
[dev.web-cruit.com/tagmanager/images/css/web-cruit/font-awesome/font-awesome-4.6.3/fonts/fontawesome-webfontd41d.eot]
[dev.web-cruit.com/tagmanager/images/css/web-cruit/font-awesome/font-awesome-4.6.3/fonts/fontawesome-webfont5b62.woff2]
[dev.web-cruit.com/tagmanager/images/css/web-cruit/font-awesome/font-awesome-4.6.3/fonts/fontawesome-webfont5b62.woff]
[dev.web-cruit.com/tagmanager/images/css/web-cruit/font-awesome/font-awesome-4.6.3/fonts/fontawesome-webfont5b62.ttf]
[dev.web-cruit.com/tagmanager/images/css/web-cruit/font-awesome/font-awesome-4.6.3/css/font-awesome4eb2.css]
[dev.web-cruit.com/tagmanager/css/tagmanager4eb2.css]
[dev.web-cruit.com/tagmanager/tagmanagerscripts/objectKeysLength4eb2.js]
[dev.web-cruit.com/tagmanager/tagmanagerscripts/adminTagManager4eb2.js]
[dev.web-cruit.com/tagmanager/tagmanagerscripts/formValidationRules4eb2.js]
[dev.web-cruit.com/tagmanager/tagmanagerscripts/loadingDialogContent4eb2.js]
[dev.web-cruit.com/tagmanager/images/cog.png]
[dev.web-cruit.com/tagmanager/images/arrow_down.png]
[dev.web-cruit.com/tagmanager/images/user.png]
[dev.web-cruit.com/tagmanager/images/icon_delete.png]
[dev.web-cruit.com/tagmanager/index00c2.html]
[dev.web-cruit.com/tagmanager/index.html]
[dev.web-cruit.com/images/js/jquery-ui/1.8/themes/base/images/ui-bg_highlight-soft_75_cccccc_1x100.html]
[dev.web-cruit.com/images/js/jquery-ui/1.8/themes/base/images/ui-bg_glass_75_e6e6e6_1x400.html]
[dev.web-cruit.com/images/js/jquery-ui/1.8/themes/base/images/ui-bg_glass_75_dadada_1x400.html]
[dev.web-cruit.com/images/js/jquery-ui/1.8/themes/base/images/ui-bg_glass_65_ffffff_1x400.html]
[dev.web-cruit.com/images/js/jquery-ui/1.8/themes/base/images/ui-bg_glass_55_fbf9ee_1x400.html]
[dev.web-cruit.com/images/js/jquery-ui/1.8/themes/base/images/ui-bg_glass_95_fef1ec_1x400.html]
[dev.web-cruit.com/images/js/jquery-ui/1.8/themes/base/images/ui-icons_222222_256x240.html]
[dev.web-cruit.com/images/js/jquery-ui/1.8/themes/base/images/ui-icons_888888_256x240.html]
[dev.web-cruit.com/images/js/jquery-ui/1.8/themes/base/images/ui-icons_454545_256x240.html]
[dev.web-cruit.com/images/js/jquery-ui/1.8/themes/base/images/ui-icons_2e83ff_256x240.html]
[dev.web-cruit.com/images/js/jquery-ui/1.8/themes/base/images/ui-icons_cd0a0a_256x240.html]
[dev.web-cruit.com/images/js/jquery-ui/1.8/themes/base/images/ui-bg_flat_0_aaaaaa_40x100.html]
[dev.web-cruit.com/tagmanager/css/smart_wizard.css]
[dev.web-cruit.com/tagmanager/tagmanagerscripts/importquestion4eb2.js]
[dev.web-cruit.com/tagmanager/tagmanagerscripts/jquery.smartWizard-2.0.min4eb2.js]
[dev.web-cruit.com/tagmanager/index6e3a.html]
[dev.web-cruit.com/tagmanager/Popover requires tooltip.html]
[dev.web-cruit.com/tagmanager/images/css/web-cruit/font-awesome/font-awesome-4.6.3/fonts/fontawesome-webfont5b62.svg]
[dev.web-cruit.com/tagmanager/tagmanagerscripts/formValidationRules7372.js]
[dev.web-cruit.com/tagmanager/index3a44.html]
[dev.web-cruit.com/tagmanager/index1c3f.html]
[dev.web-cruit.com/tagmanager/index5957.html]
[dev.web-cruit.com/tagmanager/index1226.html]
[dev.web-cruit.com/tagmanager/index479a.html]
[dev.web-cruit.com/tagmanager/index75d9.html]
[dev.web-cruit.com/tagmanager/index9e43.html]
[dev.web-cruit.com/tagmanager/index007c.html]
[dev.web-cruit.com/tagmanager/indexd280.html]
[dev.web-cruit.com/tagmanager/index6d36.html]
[dev.web-cruit.com/tagmanager/css/smart_wizard.css]
[dev.web-cruit.com/tagmanager/tagmanagerscripts/importquestion4eb2.js]
[dev.web-cruit.com/tagmanager/tagmanagerscripts/jquery.smartWizard-2.0.min4eb2.js]
[dev.web-cruit.com/tagmanager/images/loader.html]
