[dev.web-cruit.com/cfscripts/scripts/ajax/resources/cf/images/loading.gif]
[dev.web-cruit.com/cfscripts/scripts/ajax/messages/cfmessage.js]
[dev.web-cruit.com/cfscripts/scripts/ajax/package/cfajax.js]
[backblue.gif]
[fade.gif]
[index.html]
[dev.web-cruit.com/images/css/web-cruit/bootstrap.min4eb2.css]
[dev.web-cruit.com/images/css/web-cruit/font-awesome/font-awesome-4.6.3/css/font-awesome.min4eb2.css]
[dev.web-cruit.com/images/js/jquery-ui/1.8/themes/base/jquery-ui4eb2.css]
[dev.web-cruit.com/images/css/web-cruit/wc4eb2.css]
[dev.web-cruit.com/images/css/web-cruit/bootstrap-table4eb2.css]
[dev.web-cruit.com/images/js/jquery/1.12.4/jquery.min4eb2.js]
[dev.web-cruit.com/images/js/jquery-ui/1.12.0/jquery-ui.min4eb2.js]
[dev.web-cruit.com/images/css/web-cruit/bootstrap-3.3.7-dist/js/bootstrap.min4eb2.js]
[dev.web-cruit.com/images/js/web-cruit-bootstrap-pagination/web-cruit-bootstrap-pagination4eb2.js]
[dev.web-cruit.com/images/js/web-cruit-bootstrap-modal/web-cruit-bootstrap-modal4eb2.js]
[dev.web-cruit.com/images/js/bootstrap-table4eb2.js]
[dev.web-cruit.com/images/kaonixlogo2.gif]
[www.google-analytics.com/analytics.js]
[dev.web-cruit.com/tagmanager/index14ad.html]
[dev.web-cruit.com/cfscripts/scripts/ajax/messages/cfmessage.js]
[dev.web-cruit.com/cfscripts/scripts/ajax/package/cfajax.js]
[dev.web-cruit.com/images/css/web-cruit/bootstrap.min4eb2.css]
[dev.web-cruit.com/images/css/web-cruit/font-awesome/font-awesome-4.6.3/css/font-awesome.min4eb2.css]
[dev.web-cruit.com/images/js/jquery-ui/1.8/themes/base/images/ui-bg_flat_75_ffffff_40x100.png]
[dev.web-cruit.com/images/js/jquery-ui/1.8/themes/base/jquery-ui4eb2.css]
[dev.web-cruit.com/tagmanager/index4eb2.html]
[dev.web-cruit.com/images/hr_line.gif]
[dev.web-cruit.com/images/css/web-cruit/wc4eb2.css]
[dev.web-cruit.com/images/css/web-cruit/wc-responsive-table4eb2.css]
[dev.web-cruit.com/images/css/web-cruit/bootstrap-table4eb2.css]
[dev.web-cruit.com/images/js/jquery/1.12.4/jquery.min4eb2.js]
[dev.web-cruit.com/images/js/jquery-ui/1.12.0/jquery-ui.min4eb2.js]
[dev.web-cruit.com/images/css/web-cruit/bootstrap-3.3.7-dist/js/bootstrap.min4eb2.js]
[dev.web-cruit.com/images/js/web-cruit-bootstrap-pagination/web-cruit-bootstrap-pagination4eb2.js]
[dev.web-cruit.com/images/js/web-cruit-bootstrap-modal/web-cruit-bootstrap-modal4eb2.js]
[dev.web-cruit.com/images/js/javascriptExtensions/wc-ext4eb2.js]
[dev.web-cruit.com/images/js/fw1Helpers/fw1Helpers4eb2.js]
[dev.web-cruit.com/images/js/bootstrap-table4eb2.js]
[dev.web-cruit.com/scripts/Javascript/cfAjaxProxyHelperFunctions4eb2.js]
[dev.web-cruit.com/scripts/Javascript/web-cruit-timer/web-cruit-timer4eb2.js]
[dev.web-cruit.com/images/js/jquery-ui/1.8/themes/base/images/ui-bg_highlight-soft_75_cccccc_1x100.html]
[dev.web-cruit.com/images/js/jquery-ui/1.8/themes/base/images/ui-bg_glass_75_e6e6e6_1x400.html]
[dev.web-cruit.com/images/js/jquery-ui/1.8/themes/base/images/ui-bg_glass_75_dadada_1x400.html]
[dev.web-cruit.com/images/js/jquery-ui/1.8/themes/base/images/ui-bg_glass_65_ffffff_1x400.html]
[dev.web-cruit.com/images/js/jquery-ui/1.8/themes/base/images/ui-bg_glass_55_fbf9ee_1x400.html]
[dev.web-cruit.com/images/js/jquery-ui/1.8/themes/base/images/ui-bg_glass_95_fef1ec_1x400.html]
[dev.web-cruit.com/images/js/jquery-ui/1.8/themes/base/images/ui-icons_222222_256x240.html]
[dev.web-cruit.com/images/js/jquery-ui/1.8/themes/base/images/ui-icons_888888_256x240.html]
[dev.web-cruit.com/images/js/jquery-ui/1.8/themes/base/images/ui-icons_454545_256x240.html]
[dev.web-cruit.com/images/js/jquery-ui/1.8/themes/base/images/ui-icons_2e83ff_256x240.html]
[dev.web-cruit.com/images/js/jquery-ui/1.8/themes/base/images/ui-icons_cd0a0a_256x240.html]
[dev.web-cruit.com/images/js/jquery-ui/1.8/themes/base/images/ui-bg_flat_0_aaaaaa_40x100.html]
[dev.web-cruit.com/tagmanager/Popover requires tooltip.html]
